mode: atomic
apex-dashboard/backend/internal/config/config.go:52.20,56.16 3 4
apex-dashboard/backend/internal/config/config.go:56.16,57.44 1 3
apex-dashboard/backend/internal/config/config.go:57.44,59.4 1 1
apex-dashboard/backend/internal/config/config.go:59.9,61.4 1 2
apex-dashboard/backend/internal/config/config.go:63.2,64.20 2 4
apex-dashboard/backend/internal/config/config.go:64.20,66.3 1 3
apex-dashboard/backend/internal/config/config.go:67.2,68.19 2 4
apex-dashboard/backend/internal/config/config.go:68.19,70.3 1 4
apex-dashboard/backend/internal/config/config.go:71.2,79.3 1 4
apex-dashboard/backend/internal/config/config.go:85.34,86.29 1 10
apex-dashboard/backend/internal/config/config.go:86.29,88.17 2 14
apex-dashboard/backend/internal/config/config.go:88.17,89.12 1 9
apex-dashboard/backend/internal/config/config.go:91.3,92.22 2 5
apex-dashboard/backend/internal/config/config.go:92.22,94.50 2 8
apex-dashboard/backend/internal/config/config.go:94.50,95.13 1 2
apex-dashboard/backend/internal/config/config.go:97.4,98.11 2 6
apex-dashboard/backend/internal/config/config.go:98.11,99.13 1 0
apex-dashboard/backend/internal/config/config.go:101.4,104.72 3 6
apex-dashboard/backend/internal/config/config.go:104.72,106.5 1 1
apex-dashboard/backend/internal/config/config.go:108.4,108.28 1 6
apex-dashboard/backend/internal/config/config.go:108.28,110.5 1 5
apex-dashboard/backend/internal/config/config.go:112.3,113.9 2 5
apex-dashboard/backend/internal/repository/cache/cache.go:24.50,26.2 1 99
apex-dashboard/backend/internal/repository/cache/cache.go:46.60,48.2 1 13
apex-dashboard/backend/internal/repository/cache/cache.go:50.61,53.29 3 60
apex-dashboard/backend/internal/repository/cache/cache.go:53.29,55.3 1 52
apex-dashboard/backend/internal/repository/cache/cache.go:56.2,58.15 3 8
apex-dashboard/backend/internal/repository/cache/cache.go:61.59,64.28 3 5
apex-dashboard/backend/internal/repository/cache/cache.go:64.28,66.3 1 2
apex-dashboard/backend/internal/repository/cache/cache.go:67.2,69.15 3 3
apex-dashboard/backend/internal/repository/cache/cache.go:72.57,75.27 3 5
apex-dashboard/backend/internal/repository/cache/cache.go:75.27,77.3 1 2
apex-dashboard/backend/internal/repository/cache/cache.go:78.2,80.15 3 3
apex-dashboard/backend/internal/repository/cache/cache.go:83.75,86.25 3 5
apex-dashboard/backend/internal/repository/cache/cache.go:86.25,88.3 1 2
apex-dashboard/backend/internal/repository/cache/cache.go:89.2,91.15 3 3
apex-dashboard/backend/internal/repository/cache/cache.go:94.63,97.30 3 5
apex-dashboard/backend/internal/repository/cache/cache.go:97.30,99.3 1 2
apex-dashboard/backend/internal/repository/cache/cache.go:100.2,102.15 3 3
apex-dashboard/backend/internal/repository/cache/cache.go:105.67,108.34 3 5
apex-dashboard/backend/internal/repository/cache/cache.go:108.34,110.3 1 2
apex-dashboard/backend/internal/repository/cache/cache.go:111.2,113.15 3 3
apex-dashboard/backend/internal/repository/cache/cache.go:116.62,119.29 3 8
apex-dashboard/backend/internal/repository/cache/cache.go:119.29,121.3 1 4
apex-dashboard/backend/internal/repository/cache/cache.go:122.2,124.15 3 4
apex-dashboard/backend/internal/repository/cache/cache.go:127.58,130.25 3 6
apex-dashboard/backend/internal/repository/cache/cache.go:130.25,132.3 1 3
apex-dashboard/backend/internal/repository/cache/cache.go:133.2,135.15 3 3
apex-dashboard/backend/internal/repository/simulation/store.go:28.39,30.33 2 23
apex-dashboard/backend/internal/repository/simulation/store.go:30.33,32.3 1 1
apex-dashboard/backend/internal/repository/simulation/store.go:33.2,33.15 1 22
apex-dashboard/backend/internal/repository/simulation/store.go:36.30,38.24 2 23
apex-dashboard/backend/internal/repository/simulation/store.go:38.24,47.3 2 18
apex-dashboard/backend/internal/repository/simulation/store.go:48.2,48.16 1 5
apex-dashboard/backend/internal/repository/simulation/store.go:48.16,50.3 1 0
apex-dashboard/backend/internal/repository/simulation/store.go:51.2,52.59 2 5
apex-dashboard/backend/internal/repository/simulation/store.go:52.59,54.3 1 1
apex-dashboard/backend/internal/repository/simulation/store.go:56.2,56.29 1 4
apex-dashboard/backend/internal/repository/simulation/store.go:56.29,58.3 1 1
apex-dashboard/backend/internal/repository/simulation/store.go:59.2,59.32 1 4
apex-dashboard/backend/internal/repository/simulation/store.go:59.32,61.3 1 1
apex-dashboard/backend/internal/repository/simulation/store.go:62.2,62.29 1 4
apex-dashboard/backend/internal/repository/simulation/store.go:62.29,64.3 1 1
apex-dashboard/backend/internal/repository/simulation/store.go:65.2,65.12 1 4
apex-dashboard/backend/internal/repository/simulation/store.go:68.30,71.16 3 40
apex-dashboard/backend/internal/repository/simulation/store.go:71.16,73.3 1 1
apex-dashboard/backend/internal/repository/simulation/store.go:74.2,76.43 3 39
apex-dashboard/backend/internal/repository/simulation/store.go:76.43,80.3 3 0
apex-dashboard/backend/internal/repository/simulation/store.go:81.2,81.34 1 39
apex-dashboard/backend/internal/repository/simulation/store.go:81.34,83.3 1 0
apex-dashboard/backend/internal/repository/simulation/store.go:84.2,84.47 1 39
apex-dashboard/backend/internal/repository/simulation/store.go:84.47,86.3 1 0
apex-dashboard/backend/internal/repository/simulation/store.go:87.2,87.12 1 39
apex-dashboard/backend/internal/repository/simulation/store.go:91.61,95.2 3 16
apex-dashboard/backend/internal/repository/simulation/store.go:98.75,105.16 5 20
apex-dashboard/backend/internal/repository/simulation/store.go:106.13,107.33 1 15
apex-dashboard/backend/internal/repository/simulation/store.go:107.33,109.4 1 1
apex-dashboard/backend/internal/repository/simulation/store.go:110.3,111.50 2 14
apex-dashboard/backend/internal/repository/simulation/store.go:112.14,113.62 1 4
apex-dashboard/backend/internal/repository/simulation/store.go:113.62,115.4 1 2
apex-dashboard/backend/internal/repository/simulation/store.go:116.3,116.30 1 2
apex-dashboard/backend/internal/repository/simulation/store.go:117.10,118.70 1 1
apex-dashboard/backend/internal/repository/simulation/store.go:121.2,133.17 3 16
apex-dashboard/backend/internal/repository/simulation/store.go:136.86,137.37 1 14
apex-dashboard/backend/internal/repository/simulation/store.go:137.37,138.25 1 3
apex-dashboard/backend/internal/repository/simulation/store.go:138.25,143.4 4 1
apex-dashboard/backend/internal/repository/simulation/store.go:145.2,150.4 1 13
apex-dashboard/backend/internal/repository/simulation/store.go:153.73,154.37 1 4
apex-dashboard/backend/internal/repository/simulation/store.go:154.37,155.25 1 3
apex-dashboard/backend/internal/repository/simulation/store.go:155.25,156.25 1 3
apex-dashboard/backend/internal/repository/simulation/store.go:156.25,158.5 1 1
apex-dashboard/backend/internal/repository/simulation/store.go:159.4,159.26 1 2
apex-dashboard/backend/internal/repository/simulation/store.go:159.26,161.5 1 1
apex-dashboard/backend/internal/repository/simulation/store.go:161.10,163.5 1 1
apex-dashboard/backend/internal/repository/simulation/store.go:164.4,164.14 1 2
apex-dashboard/backend/internal/repository/simulation/store.go:167.2,167.55 1 1
apex-dashboard/backend/internal/repository/simulation/store.go:171.55,176.40 4 4
apex-dashboard/backend/internal/repository/simulation/store.go:176.40,177.25 1 1
apex-dashboard/backend/internal/repository/simulation/store.go:177.25,180.4 2 1
apex-dashboard/backend/internal/repository/simulation/store.go:182.2,186.17 2 3
apex-dashboard/backend/internal/repository/simulation/store.go:190.31,201.2 4 2
apex-dashboard/backend/internal/server/server.go:53.39,54.24 1 5
apex-dashboard/backend/internal/server/server.go:54.24,56.3 1 1
apex-dashboard/backend/internal/server/server.go:57.2,57.20 1 4
apex-dashboard/backend/internal/server/server.go:57.20,59.3 1 1
apex-dashboard/backend/internal/server/server.go:60.2,60.23 1 4
apex-dashboard/backend/internal/server/server.go:60.23,62.3 1 4
apex-dashboard/backend/internal/server/server.go:64.2,73.15 3 4
apex-dashboard/backend/internal/server/server.go:79.49,81.12 2 1
apex-dashboard/backend/internal/server/server.go:81.12,83.76 2 1
apex-dashboard/backend/internal/server/server.go:83.76,85.4 1 0
apex-dashboard/backend/internal/server/server.go:86.3,86.15 1 1
apex-dashboard/backend/internal/server/server.go:89.2,89.9 1 1
apex-dashboard/backend/internal/server/server.go:90.22,91.13 1 0
apex-dashboard/backend/internal/server/server.go:92.20,92.20 0 1
apex-dashboard/backend/internal/server/server.go:95.2,98.49 3 1
apex-dashboard/backend/internal/server/server.go:98.49,100.3 1 0
apex-dashboard/backend/internal/server/server.go:101.2,101.16 1 1
apex-dashboard/backend/internal/middleware/cors.go:9.43,10.71 1 5
apex-dashboard/backend/internal/middleware/cors.go:10.71,14.37 4 5
apex-dashboard/backend/internal/middleware/cors.go:14.37,17.4 2 2
apex-dashboard/backend/internal/middleware/cors.go:18.3,18.23 1 3
apex-dashboard/backend/internal/handlers/crypto.go:6.72,8.16 2 3
apex-dashboard/backend/internal/handlers/crypto.go:8.16,11.3 2 2
apex-dashboard/backend/internal/handlers/crypto.go:12.2,12.38 1 1
apex-dashboard/backend/internal/handlers/fidelity.go:6.74,8.16 2 3
apex-dashboard/backend/internal/handlers/fidelity.go:8.16,11.3 2 2
apex-dashboard/backend/internal/handlers/fidelity.go:12.2,12.38 1 1
apex-dashboard/backend/internal/handlers/handlers.go:75.40,76.22 1 62
apex-dashboard/backend/internal/handlers/handlers.go:76.22,78.3 1 1
apex-dashboard/backend/internal/handlers/handlers.go:79.2,79.23 1 61
apex-dashboard/backend/internal/handlers/handlers.go:79.23,81.3 1 61
apex-dashboard/backend/internal/handlers/handlers.go:82.2,88.8 1 61
apex-dashboard/backend/internal/handlers/handlers.go:94.87,97.80 3 21
apex-dashboard/backend/internal/handlers/handlers.go:97.80,99.3 1 0
apex-dashboard/backend/internal/handlers/handlers.go:104.81,117.47 5 20
apex-dashboard/backend/internal/handlers/handlers.go:117.47,124.3 3 8
apex-dashboard/backend/internal/handlers/handlers.go:126.2,130.5 2 12
apex-dashboard/backend/internal/handlers/markets.go:6.73,8.16 2 3
apex-dashboard/backend/internal/handlers/markets.go:8.16,11.3 2 2
apex-dashboard/backend/internal/handlers/markets.go:12.2,12.38 1 1
apex-dashboard/backend/internal/handlers/morganstanley.go:6.79,8.16 2 3
apex-dashboard/backend/internal/handlers/morganstanley.go:8.16,11.3 2 2
apex-dashboard/backend/internal/handlers/morganstanley.go:12.2,12.38 1 1
apex-dashboard/backend/internal/handlers/overview.go:6.74,8.16 2 3
apex-dashboard/backend/internal/handlers/overview.go:8.16,11.3 2 2
apex-dashboard/backend/internal/handlers/overview.go:12.2,12.38 1 1
apex-dashboard/backend/internal/handlers/plaid.go:10.77,11.20 1 2
apex-dashboard/backend/internal/handlers/plaid.go:11.20,20.3 2 1
apex-dashboard/backend/internal/handlers/plaid.go:22.2,23.48 2 1
apex-dashboard/backend/internal/handlers/plaid.go:23.48,25.3 1 2
apex-dashboard/backend/internal/handlers/plaid.go:26.2,32.4 1 1
apex-dashboard/backend/internal/handlers/plaid.go:38.80,39.20 1 5
apex-dashboard/backend/internal/handlers/plaid.go:39.20,42.3 2 1
apex-dashboard/backend/internal/handlers/plaid.go:44.2,47.81 2 4
apex-dashboard/backend/internal/handlers/plaid.go:47.81,50.3 2 2
apex-dashboard/backend/internal/handlers/plaid.go:52.2,53.16 2 2
apex-dashboard/backend/internal/handlers/plaid.go:53.16,57.3 3 1
apex-dashboard/backend/internal/handlers/plaid.go:59.2,59.71 1 1
apex-dashboard/backend/internal/handlers/plaid.go:65.79,66.20 1 7
apex-dashboard/backend/internal/handlers/plaid.go:66.20,69.3 2 1
apex-dashboard/backend/internal/handlers/plaid.go:71.2,75.107 2 6
apex-dashboard/backend/internal/handlers/plaid.go:75.107,78.3 2 4
apex-dashboard/backend/internal/handlers/plaid.go:80.2,80.88 1 2
apex-dashboard/backend/internal/handlers/plaid.go:80.88,84.3 3 1
apex-dashboard/backend/internal/handlers/plaid.go:86.2,86.66 1 1
apex-dashboard/backend/internal/handlers/principal.go:6.75,8.16 2 3
apex-dashboard/backend/internal/handlers/principal.go:8.16,11.3 2 2
apex-dashboard/backend/internal/handlers/principal.go:12.2,12.38 1 1
apex-dashboard/backend/internal/handlers/recommendations.go:6.81,8.16 2 3
apex-dashboard/backend/internal/handlers/recommendations.go:8.16,11.3 2 2
apex-dashboard/backend/internal/handlers/recommendations.go:12.2,12.38 1 1
apex-dashboard/backend/internal/handlers/simulation.go:13.76,14.18 1 6
apex-dashboard/backend/internal/handlers/simulation.go:14.18,23.3 2 1
apex-dashboard/backend/internal/handlers/simulation.go:25.2,26.16 2 5
apex-dashboard/backend/internal/handlers/simulation.go:26.16,29.3 2 1
apex-dashboard/backend/internal/handlers/simulation.go:32.2,34.38 3 4
apex-dashboard/backend/internal/handlers/simulation.go:34.38,40.22 2 3
apex-dashboard/backend/internal/handlers/simulation.go:40.22,41.61 1 3
apex-dashboard/backend/internal/handlers/simulation.go:41.61,43.5 1 2
apex-dashboard/backend/internal/handlers/simulation.go:45.3,45.27 1 3
apex-dashboard/backend/internal/handlers/simulation.go:45.27,47.4 1 1
apex-dashboard/backend/internal/handlers/simulation.go:48.3,51.15 4 3
apex-dashboard/backend/internal/handlers/simulation.go:51.15,53.4 1 3
apex-dashboard/backend/internal/handlers/simulation.go:54.3,56.36 3 3
apex-dashboard/backend/internal/handlers/simulation.go:59.2,62.30 4 4
apex-dashboard/backend/internal/handlers/simulation.go:62.30,64.3 1 4
apex-dashboard/backend/internal/handlers/simulation.go:67.2,67.18 1 4
apex-dashboard/backend/internal/handlers/simulation.go:67.18,69.3 1 4
apex-dashboard/backend/internal/handlers/simulation.go:72.2,73.21 2 4
apex-dashboard/backend/internal/handlers/simulation.go:73.21,75.3 1 0
apex-dashboard/backend/internal/handlers/simulation.go:76.2,78.26 3 4
apex-dashboard/backend/internal/handlers/simulation.go:78.26,81.3 2 3
apex-dashboard/backend/internal/handlers/simulation.go:83.2,97.38 2 4
apex-dashboard/backend/internal/handlers/simulation.go:101.81,103.18 2 4
apex-dashboard/backend/internal/handlers/simulation.go:103.18,108.3 4 1
apex-dashboard/backend/internal/handlers/simulation.go:109.2,109.21 1 3
apex-dashboard/backend/internal/handlers/simulation.go:109.21,114.3 4 1
apex-dashboard/backend/internal/handlers/simulation.go:115.2,116.16 2 2
apex-dashboard/backend/internal/handlers/simulation.go:116.16,119.3 2 1
apex-dashboard/backend/internal/handlers/simulation.go:120.2,120.35 1 1
apex-dashboard/backend/internal/handlers/simulation.go:125.81,126.37 1 8
apex-dashboard/backend/internal/handlers/simulation.go:126.37,131.3 4 1
apex-dashboard/backend/internal/handlers/simulation.go:133.2,134.61 2 7
apex-dashboard/backend/internal/handlers/simulation.go:134.61,139.3 4 1
apex-dashboard/backend/internal/handlers/simulation.go:140.2,141.90 2 6
apex-dashboard/backend/internal/handlers/simulation.go:141.90,146.3 4 3
apex-dashboard/backend/internal/handlers/simulation.go:148.2,149.16 2 3
apex-dashboard/backend/internal/handlers/simulation.go:149.16,152.3 2 1
apex-dashboard/backend/internal/handlers/simulation.go:154.2,154.81 1 2
apex-dashboard/backend/internal/handlers/simulation.go:154.81,164.3 4 1
apex-dashboard/backend/internal/handlers/simulation.go:166.2,173.4 2 1
apex-dashboard/backend/internal/handlers/simulation.go:178.81,179.18 1 3
apex-dashboard/backend/internal/handlers/simulation.go:179.18,182.3 2 1
apex-dashboard/backend/internal/handlers/simulation.go:183.2,183.38 1 2
apex-dashboard/backend/internal/handlers/simulation.go:183.38,186.3 2 1
apex-dashboard/backend/internal/handlers/simulation.go:187.2,187.66 1 1
apex-dashboard/backend/internal/handlers/simulation.go:190.38,191.14 1 8
apex-dashboard/backend/internal/handlers/simulation.go:191.14,193.3 1 3
apex-dashboard/backend/internal/handlers/simulation.go:194.2,194.14 1 5
apex-dashboard/backend/internal/handlers/simulation.go:194.14,196.3 1 2
apex-dashboard/backend/internal/handlers/simulation.go:197.2,197.15 1 3
apex-dashboard/backend/internal/handlers/sofi.go:6.70,8.16 2 3
apex-dashboard/backend/internal/handlers/sofi.go:8.16,11.3 2 2
apex-dashboard/backend/internal/handlers/sofi.go:12.2,12.38 1 1
apex-dashboard/backend/internal/repository/plaid/store.go:53.38,58.46 4 13
apex-dashboard/backend/internal/repository/plaid/store.go:58.46,60.3 1 1
apex-dashboard/backend/internal/repository/plaid/store.go:60.8,62.3 1 12
apex-dashboard/backend/internal/repository/plaid/store.go:64.2,65.16 2 13
apex-dashboard/backend/internal/repository/plaid/store.go:65.16,67.3 1 0
apex-dashboard/backend/internal/repository/plaid/store.go:69.2,73.8 1 13
apex-dashboard/backend/internal/repository/plaid/store.go:78.61,78.90 1 2
apex-dashboard/backend/internal/repository/plaid/store.go:79.61,79.89 1 2
apex-dashboard/backend/internal/repository/plaid/store.go:80.61,80.88 1 2
apex-dashboard/backend/internal/repository/plaid/store.go:81.75,83.2 1 2
apex-dashboard/backend/internal/repository/plaid/store.go:87.63,89.2 1 2
apex-dashboard/backend/internal/repository/plaid/store.go:91.67,93.2 1 2
apex-dashboard/backend/internal/repository/plaid/store.go:95.62,97.2 1 2
apex-dashboard/backend/internal/repository/plaid/store.go:99.58,101.2 1 2
apex-dashboard/backend/internal/repository/plaid/store.go:103.81,105.9 2 8
apex-dashboard/backend/internal/repository/plaid/store.go:105.9,107.3 1 8
apex-dashboard/backend/internal/repository/plaid/store.go:109.2,112.68 3 0
apex-dashboard/backend/internal/repository/plaid/store.go:115.124,128.12 5 0
apex-dashboard/backend/internal/repository/plaid/store.go:128.12,132.3 3 0
apex-dashboard/backend/internal/repository/plaid/store.go:134.2,134.12 1 0
apex-dashboard/backend/internal/repository/plaid/store.go:134.12,143.3 8 0
apex-dashboard/backend/internal/repository/plaid/store.go:145.2,148.19 3 0
apex-dashboard/backend/internal/repository/plaid/store.go:148.19,150.3 1 0
apex-dashboard/backend/internal/repository/plaid/store.go:151.2,151.19 1 0
apex-dashboard/backend/internal/repository/plaid/store.go:151.19,153.3 1 0
apex-dashboard/backend/internal/repository/plaid/store.go:155.2,155.63 1 0
apex-dashboard/backend/internal/repository/plaid/store.go:162.28,165.41 2 7
apex-dashboard/backend/internal/repository/plaid/store.go:165.41,167.3 1 7
apex-dashboard/backend/internal/repository/plaid/store.go:170.2,172.37 3 7
apex-dashboard/backend/internal/repository/plaid/store.go:172.37,175.3 2 7
apex-dashboard/backend/internal/repository/plaid/store.go:178.2,183.37 3 7
apex-dashboard/backend/internal/repository/plaid/store.go:183.37,187.15 4 7
apex-dashboard/backend/internal/repository/plaid/store.go:187.15,189.4 1 1
apex-dashboard/backend/internal/repository/plaid/store.go:190.3,191.21 2 7
apex-dashboard/backend/internal/repository/plaid/store.go:191.21,193.4 1 7
apex-dashboard/backend/internal/repository/plaid/store.go:194.3,195.19 2 7
apex-dashboard/backend/internal/repository/plaid/store.go:195.19,197.4 1 1
apex-dashboard/backend/internal/repository/plaid/store.go:198.3,208.5 1 7
apex-dashboard/backend/internal/repository/plaid/store.go:210.2,210.40 1 7
apex-dashboard/backend/internal/repository/plaid/store.go:210.40,210.78 1 2
apex-dashboard/backend/internal/repository/plaid/store.go:211.2,212.27 2 7
apex-dashboard/backend/internal/repository/plaid/store.go:212.27,214.3 1 7
apex-dashboard/backend/internal/repository/plaid/store.go:217.2,219.84 3 7
apex-dashboard/backend/internal/repository/plaid/store.go:219.84,221.3 1 1
apex-dashboard/backend/internal/repository/plaid/store.go:221.8,221.47 1 6
apex-dashboard/backend/internal/repository/plaid/store.go:221.47,223.3 1 0
apex-dashboard/backend/internal/repository/plaid/store.go:226.2,228.19 3 7
apex-dashboard/backend/internal/repository/plaid/store.go:228.19,230.3 1 1
apex-dashboard/backend/internal/repository/plaid/store.go:231.2,232.19 2 7
apex-dashboard/backend/internal/repository/plaid/store.go:232.19,234.3 1 5
apex-dashboard/backend/internal/repository/plaid/store.go:237.2,243.40 5 7
apex-dashboard/backend/internal/repository/plaid/store.go:243.40,244.27 1 1
apex-dashboard/backend/internal/repository/plaid/store.go:244.27,246.9 2 1
apex-dashboard/backend/internal/repository/plaid/store.go:250.2,269.3 1 7
apex-dashboard/backend/internal/repository/plaid/store.go:276.131,283.26 6 11
apex-dashboard/backend/internal/repository/plaid/store.go:283.26,285.17 2 3
apex-dashboard/backend/internal/repository/plaid/store.go:285.17,286.12 1 1
apex-dashboard/backend/internal/repository/plaid/store.go:290.3,291.23 2 2
apex-dashboard/backend/internal/repository/plaid/store.go:291.23,293.4 1 1
apex-dashboard/backend/internal/repository/plaid/store.go:294.3,294.24 1 2
apex-dashboard/backend/internal/repository/plaid/store.go:294.24,296.4 1 1
apex-dashboard/backend/internal/repository/plaid/store.go:297.3,297.27 1 2
apex-dashboard/backend/internal/repository/plaid/store.go:297.27,299.4 1 2
apex-dashboard/backend/internal/repository/plaid/store.go:302.2,308.33 4 11
apex-dashboard/backend/internal/repository/plaid/store.go:311.40,312.15 1 38
apex-dashboard/backend/internal/repository/plaid/store.go:312.15,314.3 1 8
apex-dashboard/backend/internal/repository/plaid/store.go:315.2,315.28 1 30
apex-dashboard/backend/internal/repository/plaid/store.go:318.60,320.16 2 36
apex-dashboard/backend/internal/repository/plaid/store.go:320.16,322.3 1 1
apex-dashboard/backend/internal/repository/plaid/store.go:322.8,322.24 1 35
apex-dashboard/backend/internal/repository/plaid/store.go:322.24,324.3 1 30
apex-dashboard/backend/internal/repository/plaid/store.go:325.2,329.3 1 36
apex-dashboard/backend/internal/repository/plaid/store.go:333.86,335.26 2 11
apex-dashboard/backend/internal/repository/plaid/store.go:335.26,339.62 2 9
apex-dashboard/backend/internal/repository/plaid/store.go:339.62,340.12 1 2
apex-dashboard/backend/internal/repository/plaid/store.go:342.3,343.68 2 7
apex-dashboard/backend/internal/repository/plaid/store.go:343.68,345.4 1 3
apex-dashboard/backend/internal/repository/plaid/store.go:345.9,345.71 1 4
apex-dashboard/backend/internal/repository/plaid/store.go:345.71,347.4 1 2
apex-dashboard/backend/internal/repository/plaid/store.go:348.3,353.5 1 7
apex-dashboard/backend/internal/repository/plaid/store.go:355.2,355.12 1 11
apex-dashboard/backend/internal/repository/plaid/store.go:360.123,365.26 3 11
apex-dashboard/backend/internal/repository/plaid/store.go:365.26,367.17 2 2
apex-dashboard/backend/internal/repository/plaid/store.go:367.17,368.12 1 0
apex-dashboard/backend/internal/repository/plaid/store.go:370.3,371.34 2 2
apex-dashboard/backend/internal/repository/plaid/store.go:374.2,381.27 6 11
apex-dashboard/backend/internal/repository/plaid/store.go:381.27,389.13 6 132
apex-dashboard/backend/internal/repository/plaid/store.go:389.13,391.4 1 121
apex-dashboard/backend/internal/repository/plaid/store.go:392.3,392.44 1 132
apex-dashboard/backend/internal/repository/plaid/store.go:394.2,397.51 2 11
apex-dashboard/backend/internal/repository/plaid/store.go:403.83,414.16 5 0
apex-dashboard/backend/internal/repository/plaid/store.go:414.16,416.3 1 0
apex-dashboard/backend/internal/repository/plaid/store.go:417.2,417.33 1 0
apex-dashboard/backend/internal/repository/plaid/store.go:422.84,425.16 3 0
apex-dashboard/backend/internal/repository/plaid/store.go:425.16,427.3 1 0
apex-dashboard/backend/internal/repository/plaid/store.go:430.2,434.55 3 0
apex-dashboard/backend/internal/repository/plaid/store.go:434.55,435.65 1 0
apex-dashboard/backend/internal/repository/plaid/store.go:435.65,439.19 2 0
apex-dashboard/backend/internal/repository/plaid/store.go:439.19,441.5 1 0
apex-dashboard/backend/internal/repository/plaid/store.go:445.2,450.4 1 0
apex-dashboard/backend/internal/repository/plaid/store.go:454.43,456.2 1 2
apex-dashboard/backend/internal/repository/plaid/store.go:460.34,462.2 1 32
apex-dashboard/backend/internal/repository/plaid/store.go:464.40,465.12 1 55
apex-dashboard/backend/internal/repository/plaid/store.go:465.12,467.3 1 50
apex-dashboard/backend/internal/repository/plaid/store.go:468.2,468.41 1 5
apex-dashboard/backend/internal/repository/plaid/store.go:471.37,472.12 1 47
apex-dashboard/backend/internal/repository/plaid/store.go:472.12,474.3 1 44
apex-dashboard/backend/internal/repository/plaid/store.go:475.2,475.33 1 3
apex-dashboard/backend/internal/repository/plaid/store.go:478.37,483.19 5 93
apex-dashboard/backend/internal/repository/plaid/store.go:483.19,484.33 1 260
apex-dashboard/backend/internal/repository/plaid/store.go:484.33,486.4 1 44
apex-dashboard/backend/internal/repository/plaid/store.go:487.3,487.26 1 260
apex-dashboard/backend/internal/repository/plaid/store.go:489.2,489.20 1 93
apex-dashboard/backend/internal/repository/plaid/store.go:489.20,491.3 1 93
apex-dashboard/backend/internal/repository/plaid/store.go:492.2,492.20 1 0
apex-dashboard/backend/internal/repository/plaid/store.go:495.34,497.16 2 11
apex-dashboard/backend/internal/repository/plaid/store.go:497.16,499.3 1 2
apex-dashboard/backend/internal/repository/plaid/store.go:500.2,500.32 1 9
apex-dashboard/backend/internal/repository/plaid/store.go:503.39,504.17 1 5
apex-dashboard/backend/internal/repository/plaid/store.go:504.17,506.3 1 3
apex-dashboard/backend/internal/repository/plaid/store.go:507.2,507.14 1 2
apex-dashboard/backend/internal/repository/plaid/tokens.go:26.54,28.57 2 23
apex-dashboard/backend/internal/repository/plaid/tokens.go:28.57,30.3 1 1
apex-dashboard/backend/internal/repository/plaid/tokens.go:31.2,31.16 1 22
apex-dashboard/backend/internal/repository/plaid/tokens.go:34.60,39.2 4 32
apex-dashboard/backend/internal/repository/plaid/tokens.go:41.63,46.2 4 28
apex-dashboard/backend/internal/repository/plaid/tokens.go:48.40,52.25 4 5
apex-dashboard/backend/internal/repository/plaid/tokens.go:52.25,54.3 1 4
apex-dashboard/backend/internal/repository/plaid/tokens.go:55.2,55.12 1 5
apex-dashboard/backend/internal/repository/plaid/tokens.go:58.36,60.16 2 23
apex-dashboard/backend/internal/repository/plaid/tokens.go:60.16,62.3 1 21
apex-dashboard/backend/internal/repository/plaid/tokens.go:63.2,63.36 1 2
apex-dashboard/backend/internal/repository/plaid/tokens.go:66.36,68.16 2 28
apex-dashboard/backend/internal/repository/plaid/tokens.go:68.16,70.3 1 0
apex-dashboard/backend/internal/repository/plaid/tokens.go:71.2,71.39 1 28
apex-dashboard/backend/internal/repository/live/live.go:55.59,56.22 1 0
apex-dashboard/backend/internal/repository/live/live.go:56.22,58.3 1 0
apex-dashboard/backend/internal/repository/live/live.go:59.2,67.15 3 0
apex-dashboard/backend/internal/repository/live/live.go:74.38,83.2 6 0
apex-dashboard/backend/internal/repository/live/live.go:148.57,152.16 4 4
apex-dashboard/backend/internal/repository/live/live.go:152.16,153.66 1 11
apex-dashboard/backend/internal/repository/live/live.go:153.66,156.4 2 8
apex-dashboard/backend/internal/repository/live/live.go:157.3,157.26 1 11
apex-dashboard/backend/internal/repository/live/live.go:159.2,159.25 1 4
apex-dashboard/backend/internal/repository/live/live.go:166.75,168.39 2 0
apex-dashboard/backend/internal/repository/live/live.go:168.39,171.3 2 0
apex-dashboard/backend/internal/repository/live/live.go:172.2,179.16 7 0
apex-dashboard/backend/internal/repository/live/live.go:179.16,181.3 1 0
apex-dashboard/backend/internal/repository/live/live.go:182.2,183.38 2 0
apex-dashboard/backend/internal/repository/live/live.go:183.38,185.3 1 0
apex-dashboard/backend/internal/repository/live/live.go:186.2,187.65 2 0
apex-dashboard/backend/internal/repository/live/live.go:187.65,189.3 1 0
apex-dashboard/backend/internal/repository/live/live.go:190.2,191.33 2 0
apex-dashboard/backend/internal/repository/live/live.go:191.33,193.3 1 0
apex-dashboard/backend/internal/repository/live/live.go:195.2,199.17 4 0
apex-dashboard/backend/internal/repository/live/live.go:205.79,209.16 3 0
apex-dashboard/backend/internal/repository/live/live.go:209.16,211.3 1 0
apex-dashboard/backend/internal/repository/live/live.go:212.2,213.16 2 0
apex-dashboard/backend/internal/repository/live/live.go:213.16,215.3 1 0
apex-dashboard/backend/internal/repository/live/live.go:217.2,218.28 2 0
apex-dashboard/backend/internal/repository/live/live.go:218.28,220.3 1 0
apex-dashboard/backend/internal/repository/live/live.go:222.2,223.27 2 0
apex-dashboard/backend/internal/repository/live/live.go:223.27,225.24 2 0
apex-dashboard/backend/internal/repository/live/live.go:225.24,226.12 1 0
apex-dashboard/backend/internal/repository/live/live.go:228.3,230.21 3 0
apex-dashboard/backend/internal/repository/live/live.go:230.21,233.4 2 0
apex-dashboard/backend/internal/repository/live/live.go:234.3,240.4 1 0
apex-dashboard/backend/internal/repository/live/live.go:242.2,242.17 1 0
apex-dashboard/backend/internal/repository/live/live.go:246.85,259.16 9 0
apex-dashboard/backend/internal/repository/live/live.go:259.16,261.3 1 0
apex-dashboard/backend/internal/repository/live/live.go:262.2,263.38 2 0
apex-dashboard/backend/internal/repository/live/live.go:263.38,265.3 1 0
apex-dashboard/backend/internal/repository/live/live.go:266.2,267.65 2 0
apex-dashboard/backend/internal/repository/live/live.go:267.65,269.3 1 0
apex-dashboard/backend/internal/repository/live/live.go:270.2,270.26 1 0
apex-dashboard/backend/internal/repository/live/live.go:274.65,276.16 2 0
apex-dashboard/backend/internal/repository/live/live.go:276.16,278.3 1 0
apex-dashboard/backend/internal/repository/live/live.go:279.2,280.26 2 0
apex-dashboard/backend/internal/repository/live/live.go:280.26,282.3 1 0
apex-dashboard/backend/internal/repository/live/live.go:283.2,283.17 1 0
apex-dashboard/backend/internal/repository/live/live.go:287.64,294.16 7 0
apex-dashboard/backend/internal/repository/live/live.go:294.16,296.3 1 0
apex-dashboard/backend/internal/repository/live/live.go:297.2,298.16 2 0
apex-dashboard/backend/internal/repository/live/live.go:298.16,300.3 1 0
apex-dashboard/backend/internal/repository/live/live.go:301.2,302.38 2 0
apex-dashboard/backend/internal/repository/live/live.go:302.38,304.3 1 0
apex-dashboard/backend/internal/repository/live/live.go:305.2,306.66 2 0
apex-dashboard/backend/internal/repository/live/live.go:306.66,308.3 1 0
apex-dashboard/backend/internal/repository/live/live.go:309.2,309.19 1 0
apex-dashboard/backend/internal/repository/live/live.go:313.56,315.16 2 0
apex-dashboard/backend/internal/repository/live/live.go:315.16,317.3 1 0
apex-dashboard/backend/internal/repository/live/live.go:318.2,319.16 2 0
apex-dashboard/backend/internal/repository/live/live.go:319.16,321.3 1 0
apex-dashboard/backend/internal/repository/live/live.go:322.2,323.38 2 0
apex-dashboard/backend/internal/repository/live/live.go:323.38,325.3 1 0
apex-dashboard/backend/internal/repository/live/live.go:326.2,327.66 2 0
apex-dashboard/backend/internal/repository/live/live.go:327.66,329.3 1 0
apex-dashboard/backend/internal/repository/live/live.go:330.2,330.26 1 0
apex-dashboard/backend/internal/repository/live/live.go:334.63,336.2 1 0
apex-dashboard/backend/internal/repository/live/live.go:341.84,343.16 2 0
apex-dashboard/backend/internal/repository/live/live.go:343.16,345.3 1 0
apex-dashboard/backend/internal/repository/live/live.go:346.2,347.38 2 0
apex-dashboard/backend/internal/repository/live/live.go:347.38,349.3 1 0
apex-dashboard/backend/internal/repository/live/live.go:350.2,352.21 3 0
apex-dashboard/backend/internal/repository/live/live.go:352.21,354.52 2 0
apex-dashboard/backend/internal/repository/live/live.go:354.52,355.12 1 0
apex-dashboard/backend/internal/repository/live/live.go:357.3,358.10 2 0
apex-dashboard/backend/internal/repository/live/live.go:358.10,359.12 1 0
apex-dashboard/backend/internal/repository/live/live.go:361.3,362.20 2 0
apex-dashboard/backend/internal/repository/live/live.go:362.20,363.12 1 0
apex-dashboard/backend/internal/repository/live/live.go:365.3,366.17 2 0
apex-dashboard/backend/internal/repository/live/live.go:366.17,367.12 1 0
apex-dashboard/backend/internal/repository/live/live.go:369.3,369.25 1 0
apex-dashboard/backend/internal/repository/live/live.go:371.2,371.20 1 0
apex-dashboard/backend/internal/repository/live/live.go:371.20,373.3 1 0
apex-dashboard/backend/internal/repository/live/live.go:374.2,375.20 2 0
apex-dashboard/backend/internal/repository/live/live.go:375.20,377.3 1 0
apex-dashboard/backend/internal/repository/live/live.go:378.2,378.26 1 0
apex-dashboard/backend/internal/repository/live/live.go:383.74,385.16 2 0
apex-dashboard/backend/internal/repository/live/live.go:385.16,387.3 1 0
apex-dashboard/backend/internal/repository/live/live.go:388.2,389.38 2 0
apex-dashboard/backend/internal/repository/live/live.go:389.38,391.3 1 0
apex-dashboard/backend/internal/repository/live/live.go:393.2,395.21 3 0
apex-dashboard/backend/internal/repository/live/live.go:395.21,397.52 2 0
apex-dashboard/backend/internal/repository/live/live.go:397.52,398.12 1 0
apex-dashboard/backend/internal/repository/live/live.go:400.3,401.21 2 0
apex-dashboard/backend/internal/repository/live/live.go:401.21,402.12 1 0
apex-dashboard/backend/internal/repository/live/live.go:404.3,405.17 2 0
apex-dashboard/backend/internal/repository/live/live.go:405.17,406.12 1 0
apex-dashboard/backend/internal/repository/live/live.go:408.3,408.29 1 0
apex-dashboard/backend/internal/repository/live/live.go:410.2,410.22 1 0
apex-dashboard/backend/internal/repository/live/live.go:410.22,412.3 1 0
apex-dashboard/backend/internal/repository/live/live.go:413.2,415.22 3 0
apex-dashboard/backend/internal/repository/live/live.go:415.22,417.12 2 0
apex-dashboard/backend/internal/repository/live/live.go:417.12,419.4 1 0
apex-dashboard/backend/internal/repository/live/live.go:421.2,421.54 1 0
apex-dashboard/backend/internal/repository/live/live.go:427.87,428.26 1 0
apex-dashboard/backend/internal/repository/live/live.go:428.26,430.66 2 0
apex-dashboard/backend/internal/repository/live/live.go:430.66,431.12 1 0
apex-dashboard/backend/internal/repository/live/live.go:433.3,435.17 3 0
apex-dashboard/backend/internal/repository/live/live.go:435.17,437.4 1 0
apex-dashboard/backend/internal/repository/live/live.go:438.3,438.20 1 0
apex-dashboard/backend/internal/repository/live/live.go:438.20,440.4 1 0
apex-dashboard/backend/internal/repository/live/live.go:442.2,442.86 1 0
apex-dashboard/backend/internal/repository/live/live.go:447.47,449.2 1 7
apex-dashboard/backend/internal/repository/live/live.go:454.39,456.16 2 0
apex-dashboard/backend/internal/repository/live/live.go:456.16,458.3 1 0
apex-dashboard/backend/internal/repository/live/live.go:459.2,460.38 2 0
apex-dashboard/backend/internal/repository/live/live.go:460.38,462.3 1 0
apex-dashboard/backend/internal/repository/live/live.go:465.2,467.21 3 0
apex-dashboard/backend/internal/repository/live/live.go:467.21,469.52 2 0
apex-dashboard/backend/internal/repository/live/live.go:469.52,470.12 1 0
apex-dashboard/backend/internal/repository/live/live.go:472.3,472.47 1 0
apex-dashboard/backend/internal/repository/live/live.go:472.47,474.4 1 0
apex-dashboard/backend/internal/repository/live/live.go:476.2,476.19 1 0
apex-dashboard/backend/internal/repository/live/live.go:476.19,478.3 1 0
apex-dashboard/backend/internal/repository/live/live.go:479.2,479.16 1 0
apex-dashboard/backend/internal/repository/live/live.go:484.65,486.16 2 0
apex-dashboard/backend/internal/repository/live/live.go:486.16,488.3 1 0
apex-dashboard/backend/internal/repository/live/live.go:489.2,491.88 3 0
apex-dashboard/backend/internal/repository/live/live.go:491.88,493.3 1 0
apex-dashboard/backend/internal/repository/live/live.go:494.2,494.61 1 0
apex-dashboard/backend/internal/repository/live/live.go:499.33,500.13 1 5
apex-dashboard/backend/internal/repository/live/live.go:500.13,502.3 1 2
apex-dashboard/backend/internal/repository/live/live.go:503.2,503.13 1 3
apex-dashboard/backend/internal/repository/live/live.go:503.13,505.3 1 2
apex-dashboard/backend/internal/repository/live/live.go:506.2,506.18 1 1
apex-dashboard/backend/internal/repository/live/live.go:509.31,510.12 1 4
apex-dashboard/backend/internal/repository/live/live.go:510.12,512.3 1 3
apex-dashboard/backend/internal/repository/live/live.go:513.2,513.33 1 1
apex-dashboard/backend/internal/repository/live/live.go:517.34,520.15 3 11
apex-dashboard/backend/internal/repository/live/live.go:520.15,523.3 2 5
apex-dashboard/backend/internal/repository/live/live.go:523.8,523.19 1 6
apex-dashboard/backend/internal/repository/live/live.go:523.19,527.3 3 4
apex-dashboard/backend/internal/repository/live/live.go:527.8,529.3 1 2
apex-dashboard/backend/internal/repository/live/live.go:530.2,532.30 3 9
apex-dashboard/backend/internal/repository/live/live.go:532.30,533.33 1 34
apex-dashboard/backend/internal/repository/live/live.go:533.33,535.4 1 6
apex-dashboard/backend/internal/repository/live/live.go:536.3,536.23 1 34
apex-dashboard/backend/internal/repository/live/live.go:538.2,538.37 1 9
apex-dashboard/backend/internal/repository/live/live.go:542.28,545.67 3 2
apex-dashboard/backend/internal/repository/live/live.go:545.67,547.3 1 0
apex-dashboard/backend/internal/repository/live/live.go:548.2,550.42 3 2
apex-dashboard/backend/internal/repository/live/live.go:550.42,552.3 1 2
apex-dashboard/backend/internal/repository/live/live.go:553.2,553.57 1 0
apex-dashboard/backend/internal/repository/live/live.go:557.55,558.20 1 5
apex-dashboard/backend/internal/repository/live/live.go:558.20,560.3 1 1
apex-dashboard/backend/internal/repository/live/live.go:561.2,562.14 2 4
apex-dashboard/backend/internal/repository/live/live.go:562.14,564.3 1 2
apex-dashboard/backend/internal/repository/live/live.go:565.2,567.58 3 4
apex-dashboard/backend/internal/repository/live/live.go:567.58,571.3 3 16
apex-dashboard/backend/internal/repository/live/live.go:572.2,572.53 1 4
apex-dashboard/backend/internal/repository/live/live.go:576.69,577.22 1 4
apex-dashboard/backend/internal/repository/live/live.go:577.22,579.3 1 1
apex-dashboard/backend/internal/repository/live/live.go:580.2,581.14 2 3
apex-dashboard/backend/internal/repository/live/live.go:581.14,583.3 1 1
apex-dashboard/backend/internal/repository/live/live.go:584.2,586.60 3 3
apex-dashboard/backend/internal/repository/live/live.go:586.60,590.3 3 15
apex-dashboard/backend/internal/repository/live/live.go:591.2,591.53 1 3
apex-dashboard/backend/internal/repository/live/live.go:601.61,604.16 2 0
apex-dashboard/backend/internal/repository/live/live.go:604.16,606.3 1 0
apex-dashboard/backend/internal/repository/live/live.go:609.2,611.16 3 0
apex-dashboard/backend/internal/repository/live/live.go:611.16,613.3 1 0
apex-dashboard/backend/internal/repository/live/live.go:616.2,618.16 3 0
apex-dashboard/backend/internal/repository/live/live.go:618.16,620.3 1 0
apex-dashboard/backend/internal/repository/live/live.go:622.2,637.34 7 0
apex-dashboard/backend/internal/repository/live/live.go:637.34,639.3 1 0
apex-dashboard/backend/internal/repository/live/live.go:640.2,654.32 4 0
apex-dashboard/backend/internal/repository/live/live.go:654.32,656.10 2 0
apex-dashboard/backend/internal/repository/live/live.go:656.10,657.12 1 0
apex-dashboard/backend/internal/repository/live/live.go:659.3,660.17 2 0
apex-dashboard/backend/internal/repository/live/live.go:660.17,662.4 1 0
apex-dashboard/backend/internal/repository/live/live.go:663.3,670.5 1 0
apex-dashboard/backend/internal/repository/live/live.go:674.2,678.33 3 0
apex-dashboard/backend/internal/repository/live/live.go:678.33,680.17 2 0
apex-dashboard/backend/internal/repository/live/live.go:680.17,682.4 1 0
apex-dashboard/backend/internal/repository/live/live.go:683.3,688.4 1 0
apex-dashboard/backend/internal/repository/live/live.go:692.2,703.26 6 0
apex-dashboard/backend/internal/repository/live/live.go:703.26,705.16 2 0
apex-dashboard/backend/internal/repository/live/live.go:705.16,707.4 1 0
apex-dashboard/backend/internal/repository/live/live.go:708.3,711.16 4 0
apex-dashboard/backend/internal/repository/live/live.go:711.16,713.4 1 0
apex-dashboard/backend/internal/repository/live/live.go:714.3,714.35 1 0
apex-dashboard/backend/internal/repository/live/live.go:717.2,723.41 1 0
apex-dashboard/backend/internal/repository/live/live.go:723.41,734.23 4 0
apex-dashboard/backend/internal/repository/live/live.go:734.23,736.22 2 0
apex-dashboard/backend/internal/repository/live/live.go:736.22,738.6 1 0
apex-dashboard/backend/internal/repository/live/live.go:739.5,744.6 1 0
apex-dashboard/backend/internal/repository/live/live.go:746.4,749.23 3 0
apex-dashboard/backend/internal/repository/live/live.go:749.23,751.22 2 0
apex-dashboard/backend/internal/repository/live/live.go:751.22,753.6 1 0
apex-dashboard/backend/internal/repository/live/live.go:754.5,759.6 1 0
apex-dashboard/backend/internal/repository/live/live.go:761.4,763.16 2 0
apex-dashboard/backend/internal/repository/live/live.go:770.42,773.36 3 0
apex-dashboard/backend/internal/repository/live/live.go:773.36,776.41 3 0
apex-dashboard/backend/internal/repository/live/live.go:776.41,778.6 1 0
apex-dashboard/backend/internal/repository/live/live.go:779.5,779.29 1 0
apex-dashboard/backend/internal/repository/live/live.go:781.4,781.55 1 0
apex-dashboard/backend/internal/repository/live/live.go:788.59,823.30 6 0
apex-dashboard/backend/internal/repository/live/live.go:823.30,825.3 1 0
apex-dashboard/backend/internal/repository/live/live.go:826.2,826.29 1 0
apex-dashboard/backend/internal/repository/live/live.go:826.29,828.3 1 0
apex-dashboard/backend/internal/repository/live/live.go:829.2,829.31 1 0
apex-dashboard/backend/internal/repository/live/live.go:829.31,831.3 1 0
apex-dashboard/backend/internal/repository/live/live.go:833.2,834.16 2 0
apex-dashboard/backend/internal/repository/live/live.go:834.16,836.3 1 0
apex-dashboard/backend/internal/repository/live/live.go:839.2,840.16 2 0
apex-dashboard/backend/internal/repository/live/live.go:840.16,842.3 1 0
apex-dashboard/backend/internal/repository/live/live.go:843.2,853.16 6 0
apex-dashboard/backend/internal/repository/live/live.go:853.16,855.3 1 0
apex-dashboard/backend/internal/repository/live/live.go:856.2,857.16 2 0
apex-dashboard/backend/internal/repository/live/live.go:857.16,859.3 1 0
apex-dashboard/backend/internal/repository/live/live.go:860.2,861.16 2 0
apex-dashboard/backend/internal/repository/live/live.go:861.16,863.3 1 0
apex-dashboard/backend/internal/repository/live/live.go:866.2,867.32 2 0
apex-dashboard/backend/internal/repository/live/live.go:867.32,869.10 2 0
apex-dashboard/backend/internal/repository/live/live.go:869.10,870.12 1 0
apex-dashboard/backend/internal/repository/live/live.go:872.3,878.5 1 0
apex-dashboard/backend/internal/repository/live/live.go:882.2,883.31 2 0
apex-dashboard/backend/internal/repository/live/live.go:883.31,886.9 3 0
apex-dashboard/backend/internal/repository/live/live.go:886.9,889.4 2 0
apex-dashboard/backend/internal/repository/live/live.go:890.3,896.5 1 0
apex-dashboard/backend/internal/repository/live/live.go:901.2,903.33 3 0
apex-dashboard/backend/internal/repository/live/live.go:903.33,910.42 6 0
apex-dashboard/backend/internal/repository/live/live.go:910.42,912.4 1 0
apex-dashboard/backend/internal/repository/live/live.go:913.3,913.44 1 0
apex-dashboard/backend/internal/repository/live/live.go:913.44,915.4 1 0
apex-dashboard/backend/internal/repository/live/live.go:916.3,917.55 2 0
apex-dashboard/backend/internal/repository/live/live.go:921.2,926.37 3 0
apex-dashboard/backend/internal/repository/live/live.go:926.37,928.3 1 0
apex-dashboard/backend/internal/repository/live/live.go:929.2,929.41 1 0
apex-dashboard/backend/internal/repository/live/live.go:929.41,929.91 1 0
apex-dashboard/backend/internal/repository/live/live.go:931.2,932.31 2 0
apex-dashboard/backend/internal/repository/live/live.go:932.31,934.3 1 0
apex-dashboard/backend/internal/repository/live/live.go:935.2,936.43 2 0
apex-dashboard/backend/internal/repository/live/live.go:936.43,938.3 1 0
apex-dashboard/backend/internal/repository/live/live.go:940.2,951.8 1 0
apex-dashboard/backend/internal/repository/live/live.go:956.69,957.20 1 0
apex-dashboard/backend/internal/repository/live/live.go:957.20,959.3 1 0
apex-dashboard/backend/internal/repository/live/live.go:961.2,967.38 4 0
apex-dashboard/backend/internal/repository/live/live.go:967.38,969.27 2 0
apex-dashboard/backend/internal/repository/live/live.go:969.27,971.9 2 0
apex-dashboard/backend/internal/repository/live/live.go:975.2,977.18 3 0
apex-dashboard/backend/internal/repository/live/live.go:977.18,980.14 3 0
apex-dashboard/backend/internal/repository/live/live.go:980.14,982.4 1 0
apex-dashboard/backend/internal/repository/live/live.go:982.9,984.4 1 0
apex-dashboard/backend/internal/repository/live/live.go:988.2,991.25 4 0
apex-dashboard/backend/internal/repository/live/live.go:991.25,994.15 3 0
apex-dashboard/backend/internal/repository/live/live.go:994.15,996.4 1 0
apex-dashboard/backend/internal/repository/live/live.go:997.3,997.22 1 0
apex-dashboard/backend/internal/repository/live/live.go:997.22,1000.4 2 0
apex-dashboard/backend/internal/repository/live/live.go:1003.2,1005.18 3 0
apex-dashboard/backend/internal/repository/live/live.go:1005.18,1009.3 3 0
apex-dashboard/backend/internal/repository/live/live.go:1011.2,1016.3 1 0
apex-dashboard/backend/internal/repository/live/live.go:1021.57,1025.16 4 0
apex-dashboard/backend/internal/repository/live/live.go:1025.16,1027.3 1 0
apex-dashboard/backend/internal/repository/live/live.go:1029.2,1030.16 2 0
apex-dashboard/backend/internal/repository/live/live.go:1030.16,1032.3 1 0
apex-dashboard/backend/internal/repository/live/live.go:1034.2,1035.29 2 0
apex-dashboard/backend/internal/repository/live/live.go:1035.29,1037.3 1 0
apex-dashboard/backend/internal/repository/live/live.go:1039.2,1051.29 3 0
apex-dashboard/backend/internal/repository/live/live.go:1051.29,1053.10 2 0
apex-dashboard/backend/internal/repository/live/live.go:1053.10,1054.12 1 0
apex-dashboard/backend/internal/repository/live/live.go:1056.3,1067.5 2 0
apex-dashboard/backend/internal/repository/live/live.go:1070.2,1071.30 2 0
apex-dashboard/backend/internal/repository/live/live.go:1071.30,1073.10 2 0
apex-dashboard/backend/internal/repository/live/live.go:1073.10,1074.12 1 0
apex-dashboard/backend/internal/repository/live/live.go:1076.3,1081.5 1 0
apex-dashboard/backend/internal/repository/live/live.go:1084.2,1096.8 2 0
apex-dashboard/backend/internal/repository/live/live.go:1103.75,1109.16 4 0
apex-dashboard/backend/internal/repository/live/live.go:1109.16,1111.3 1 0
apex-dashboard/backend/internal/repository/live/live.go:1112.2,1113.16 2 0
apex-dashboard/backend/internal/repository/live/live.go:1113.16,1115.3 1 0
apex-dashboard/backend/internal/repository/live/live.go:1118.2,1119.16 2 0
apex-dashboard/backend/internal/repository/live/live.go:1119.16,1121.3 1 0
apex-dashboard/backend/internal/repository/live/live.go:1124.2,1125.35 2 0
apex-dashboard/backend/internal/repository/live/live.go:1125.35,1127.3 1 0
apex-dashboard/backend/internal/repository/live/live.go:1128.2,1129.16 2 0
apex-dashboard/backend/internal/repository/live/live.go:1129.16,1131.3 1 0
apex-dashboard/backend/internal/repository/live/live.go:1133.2,1133.55 1 0
apex-dashboard/backend/internal/repository/live/live.go:1133.55,1137.61 4 0
apex-dashboard/backend/internal/repository/live/live.go:1137.61,1139.4 1 0
apex-dashboard/backend/internal/repository/live/live.go:1140.3,1151.4 1 0
apex-dashboard/backend/internal/repository/live/live.go:1154.2,1154.61 1 0
apex-dashboard/backend/internal/repository/live/live.go:1154.61,1168.3 2 0
apex-dashboard/backend/internal/repository/live/live.go:1170.2,1175.98 5 0
apex-dashboard/backend/internal/repository/live/live.go:1175.98,1177.24 2 0
apex-dashboard/backend/internal/repository/live/live.go:1177.24,1179.4 1 0
apex-dashboard/backend/internal/repository/live/live.go:1180.3,1180.13 1 0
apex-dashboard/backend/internal/repository/live/live.go:1183.2,1188.8 1 0
apex-dashboard/backend/internal/repository/live/live.go:1193.44,1214.2 1 0
apex-dashboard/backend/internal/repository/live/live.go:1216.35,1218.2 1 0
apex-dashboard/backend/internal/repository/live/portfolio.go:7.62,74.2 1 0
apex-dashboard/backend/internal/repository/live/portfolio.go:78.58,144.2 1 0
apex-dashboard/backend/internal/repository/live/portfolio.go:148.63,220.2 1 0
apex-dashboard/backend/internal/repository/live/portfolio.go:224.67,290.2 1 0
apex-dashboard/backend/internal/repository/live/quote.go:12.73,14.16 2 0
apex-dashboard/backend/internal/repository/live/quote.go:14.16,16.3 1 0
apex-dashboard/backend/internal/repository/live/quote.go:17.2,18.9 2 0
apex-dashboard/backend/internal/repository/live/quote.go:18.9,20.3 1 0
apex-dashboard/backend/internal/repository/live/quote.go:21.2,22.27 2 0
apex-dashboard/backend/internal/repository/live/quote.go:22.27,24.3 1 0
apex-dashboard/backend/internal/repository/live/quote.go:24.8,24.34 1 0
apex-dashboard/backend/internal/repository/live/quote.go:24.34,26.3 1 0
apex-dashboard/backend/internal/repository/live/quote.go:27.2,33.8 1 0
apex-dashboard/backend/internal/repository/live/screener.go:40.116,42.31 2 0
apex-dashboard/backend/internal/repository/live/screener.go:42.31,45.30 3 0
apex-dashboard/backend/internal/repository/live/screener.go:45.30,46.12 1 0
apex-dashboard/backend/internal/repository/live/screener.go:48.3,49.75 2 0
apex-dashboard/backend/internal/repository/live/screener.go:51.2,51.41 1 0
apex-dashboard/backend/internal/repository/live/screener.go:51.41,53.3 1 0
apex-dashboard/backend/internal/repository/live/screener.go:54.2,54.21 1 0
apex-dashboard/backend/internal/repository/live/screener.go:54.21,56.3 1 0
apex-dashboard/backend/internal/repository/live/screener.go:57.2,57.15 1 0
apex-dashboard/backend/internal/repository/live/screener.go:61.75,63.26 2 0
apex-dashboard/backend/internal/repository/live/screener.go:63.26,65.3 1 0
apex-dashboard/backend/internal/repository/live/screener.go:66.2,67.31 2 0
apex-dashboard/backend/internal/repository/live/screener.go:67.31,69.10 2 0
apex-dashboard/backend/internal/repository/live/screener.go:69.10,70.12 1 0
apex-dashboard/backend/internal/repository/live/screener.go:72.3,83.5 1 0
apex-dashboard/backend/internal/repository/live/screener.go:85.2,85.41 1 0
apex-dashboard/backend/internal/repository/live/screener.go:85.41,87.3 1 0
apex-dashboard/backend/internal/repository/live/screener.go:88.2,88.21 1 0
apex-dashboard/backend/internal/repository/live/screener.go:88.21,90.3 1 0
apex-dashboard/backend/internal/repository/live/screener.go:91.2,91.15 1 0
apex-dashboard/backend/internal/repository/live/screener.go:95.81,96.20 1 0
apex-dashboard/backend/internal/repository/live/screener.go:96.20,98.3 1 0
apex-dashboard/backend/internal/repository/live/screener.go:99.2,99.11 1 0
apex-dashboard/backend/internal/repository/live/screener.go:100.9,101.36 1 0
apex-dashboard/backend/internal/repository/live/screener.go:102.9,103.22 1 0
apex-dashboard/backend/internal/repository/live/screener.go:104.10,105.38 1 0
apex-dashboard/backend/internal/repository/live/screener.go:203.33,205.2 1 0
